[exp] latency=500ms  tripwire=on  warmup=2.0s  duration=10.0s  writers=16
[exp] waiting for initial leader ...
[exp] leader = node 2  PID=95464
[exp] warmup: 1283 writes in 2.0s = 642 wps
[exp] t_inject  → SIGUSR1 to node 2
[exp] degraded: 976 writes in 10.0s = 98 wps

[exp] === Event timeline (relative to t_inject) ===

  -2.221s  [node 2] ELECTION_START  [RaftNode 2] Election timeout expired. Starting election for Term 1
  -2.217s  [node 2] NEW_LEADER      [RaftNode 2] Won election! Promoted to LEADER for Term 1
  +4.678s  [node 2] TRIPWIRE_FIRE   [LSM-Tree Node 2] FLUSH-LATENCY TRIPWIRE: EWMA=150ms (last=500ms). Posting degradation eve
  +4.703s  [node 2] TRIPWIRE_RAFT   [RaftNode 2] [1;31mASYNC EVENT TRIPWIRE: STORAGE OVERLOAD DETECTED![0m
  +4.703s  [node 2] STEP_DOWN       [RaftNode 2] Gracefully stepping down to FOLLOWER to protect cluster tail latency.
  +4.938s  [node 3] ELECTION_START  [RaftNode 3] Election timeout expired. Starting election for Term 2
  +5.246s  [node 1] ELECTION_START  [RaftNode 1] Election timeout expired. Starting election for Term 3
  +6.186s  [node 3] NEW_LEADER      [RaftNode 3] Won election! Promoted to LEADER for Term 2
  +6.186s  [node 1] NEW_LEADER      [RaftNode 1] Won election! Promoted to LEADER for Term 3
  +6.856s  [node 2] TRIPWIRE_FIRE   [LSM-Tree Node 2] FLUSH-LATENCY TRIPWIRE: EWMA=255ms (last=500ms). Posting degradation eve
  +7.865s  [node 2] TRIPWIRE_FIRE   [LSM-Tree Node 2] FLUSH-LATENCY TRIPWIRE: EWMA=380ms (last=500ms). Posting degradation eve
  +8.871s  [node 2] TRIPWIRE_FIRE   [LSM-Tree Node 2] FLUSH-LATENCY TRIPWIRE: EWMA=441ms (last=500ms). Posting degradation eve
  +9.887s  [node 2] TRIPWIRE_FIRE   [LSM-Tree Node 2] FLUSH-LATENCY TRIPWIRE: EWMA=471ms (last=500ms). Posting degradation eve

[exp] === Summary ===
  tripwire_fired       = True
  first_tripwire_ms    = 4678
  election_fired       = True
  first_election_ms    = 4938
  leadership_changed   = True
  new_leader_ms        = 6186
  tripwire_lead_ms     = +260
  warmup_wps           = 642
  degraded_wps         = 98
  throughput_ratio     = 0.152
