[exp] latency=150ms  tripwire=off  warmup=2.0s  duration=10.0s  writers=16
[exp] waiting for initial leader ...
[exp] leader = node 1  PID=69468
[exp] warmup: 922 writes in 2.0s = 461 wps
[exp] t_inject  → SIGUSR1 to node 1
[exp] degraded: 120 writes in 10.0s = 12 wps

[exp] === Event timeline (relative to t_inject) ===

  -2.511s  [node 1] ELECTION_START  [RaftNode 1] Election timeout expired. Starting election for Term 1
  -2.510s  [node 2] ELECTION_START  [RaftNode 2] Election timeout expired. Starting election for Term 1
  -2.508s  [node 3] ELECTION_START  [RaftNode 3] Election timeout expired. Starting election for Term 1
  -2.251s  [node 1] ELECTION_START  [RaftNode 1] Election timeout expired. Starting election for Term 2
  -2.250s  [node 2] ELECTION_START  [RaftNode 2] Election timeout expired. Starting election for Term 2
  -2.248s  [node 1] NEW_LEADER      [RaftNode 1] Won election! Promoted to LEADER for Term 2

[exp] === Summary ===
  tripwire_fired       = False
  election_fired       = False
  leadership_changed   = False
  warmup_wps           = 461
  degraded_wps         = 12
  throughput_ratio     = 0.026
