[RaftNode 2] Started in FOLLOWER state (Term: 0)
[Node 2] Distributed KV & Raft Node booting on port 8082...
[Server] epoll multiplexer started on port 8082...
[RaftNode 2] Election timeout expired. Starting election for Term 1
[RaftNode 2] Granted vote to Node 1 for Term 2

[Node] Caught signal 15. Initiating graceful shutdown...
[RaftNode 2] Loaded metadata from disk: term=2, voted_for=1
[RaftNode 2] Started in FOLLOWER state (Term: 2)
[Node 2] Distributed KV & Raft Node booting on port 8082...
[Server] epoll multiplexer started on port 8082...
[RaftNode 2] Granted vote to Node 3 for Term 19
[RaftNode 2] COMMITTED to Store: chaos_key_2=val_2_7134
[RaftNode 2] COMMITTED to Store: chaos_key_3=val_3_5206
[RaftNode 2] COMMITTED to Store: chaos_key_4=val_4_1678
[RaftNode 2] COMMITTED to Store: chaos_key_5=val_5_7559
[LSM-Tree Node 2] Flushed MemTable to disk: node_2_sstable_0.sst
[RaftNode 2] COMMITTED to Store: chaos_key_6=val_6_9744
[RaftNode 2] COMMITTED to Store: chaos_key_7=val_7_1530
[RaftNode 2] COMMITTED to Store: chaos_key_8=val_8_1441
[RaftNode 2] COMMITTED to Store: chaos_key_9=val_9_9930
[RaftNode 2] COMMITTED to Store: chaos_key_10=val_10_1334
[RaftNode 2] Log size (10) exceeded threshold. Triggering snapshot at index 9...
[RaftNode 2] Compaction complete.
[LSM-Tree Node 2] Flushed MemTable to disk: node_2_sstable_1.sst
[RaftNode 2] COMMITTED to Store: chaos_key_11=val_11_1880
[RaftNode 2] COMMITTED to Store: chaos_key_12=val_12_4166
[RaftNode 2] COMMITTED to Store: chaos_key_13=val_13_4832
[RaftLog Node 2] Recovered WAL up to index 13 (Snapshot index offset: 9).
[RaftNode 2] Loaded metadata from disk: term=19, voted_for=3
[LSM-Tree Node 2] Flushed MemTable to disk: node_2_sstable_0.sst
[RaftNode 2] Loaded State Machine Snapshot from disk.
[RaftNode 2] Started in FOLLOWER state (Term: 19)
[Node 2] Distributed KV & Raft Node booting on port 8082...
[Server] epoll multiplexer started on port 8082...
[RaftNode 2] COMMITTED to Store: chaos_key_11=val_11_1880
[RaftNode 2] COMMITTED to Store: chaos_key_12=val_12_4166
[RaftNode 2] COMMITTED to Store: chaos_key_13=val_13_4832
[RaftNode 2] COMMITTED to Store: chaos_key_14=val_14_2774
[RaftNode 2] Log size (41) exceeded threshold. Triggering snapshot at index 13...
[RaftNode 2] Compaction complete.
[LSM-Tree Node 2] Flushed MemTable to disk: node_2_sstable_1.sst
[RaftNode 2] COMMITTED to Store: chaos_key_15=val_15_8321
[RaftNode 2] COMMITTED to Store: chaos_key_16=val_16_8455
[RaftNode 2] COMMITTED to Store: chaos_key_17=val_17_8497
[RaftNode 2] COMMITTED to Store: chaos_key_18=val_18_3727
[RaftNode 2] COMMITTED to Store: chaos_key_19=val_19_3250
[LSM-Tree Node 2] Flushed MemTable to disk: node_2_sstable_2.sst
[LSM-Tree Node 2] Starting Major Compaction of 3 SSTables...
[LSM-Tree Node 2] Compaction complete. Reclaimed disk space. Generated: node_2_sstable_3_compacted.sst
[RaftNode 2] COMMITTED to Store: chaos_key_20=val_20_2853
[RaftNode 2] COMMITTED to Store: chaos_key_21=val_21_9348
[RaftNode 2] COMMITTED to Store: chaos_key_22=val_22_7389
[RaftNode 2] COMMITTED to Store: chaos_key_23=val_23_3016
[RaftNode 2] COMMITTED to Store: chaos_key_24=val_24_6329
[LSM-Tree Node 2] Flushed MemTable to disk: node_2_sstable_4.sst
[RaftNode 2] COMMITTED to Store: chaos_key_25=val_25_9807
[RaftNode 2] COMMITTED to Store: chaos_key_26=val_26_2643
[RaftNode 2] COMMITTED to Store: chaos_key_27=val_27_3034
[RaftNode 2] COMMITTED to Store: chaos_key_28=val_28_4517
[RaftNode 2] COMMITTED to Store: chaos_key_29=val_29_5473
[LSM-Tree Node 2] Flushed MemTable to disk: node_2_sstable_5.sst
[LSM-Tree Node 2] Starting Major Compaction of 3 SSTables...
[LSM-Tree Node 2] Compaction complete. Reclaimed disk space. Generated: node_2_sstable_6_compacted.sst
[RaftNode 2] COMMITTED to Store: chaos_key_30=val_30_5963
[RaftNode 2] COMMITTED to Store: chaos_key_31=val_31_5746
[RaftNode 2] COMMITTED to Store: chaos_key_32=val_32_2558
[RaftNode 2] COMMITTED to Store: chaos_key_33=val_33_5320
[RaftNode 2] COMMITTED to Store: chaos_key_34=val_34_1018
[LSM-Tree Node 2] Flushed MemTable to disk: node_2_sstable_7.sst
[RaftNode 2] COMMITTED to Store: chaos_key_35=val_35_2728
[RaftNode 2] COMMITTED to Store: chaos_key_36=val_36_9112
[RaftNode 2] COMMITTED to Store: chaos_key_37=val_37_8574
[RaftNode 2] COMMITTED to Store: chaos_key_38=val_38_4513
[RaftNode 2] COMMITTED to Store: chaos_key_39=val_39_3316
[LSM-Tree Node 2] Flushed MemTable to disk: node_2_sstable_8.sst
[LSM-Tree Node 2] Starting Major Compaction of 3 SSTables...
[LSM-Tree Node 2] Compaction complete. Reclaimed disk space. Generated: node_2_sstable_9_compacted.sst
[RaftNode 2] COMMITTED to Store: chaos_key_40=val_40_7398
[RaftNode 2] COMMITTED to Store: chaos_key_41=val_41_2184
[RaftNode 2] COMMITTED to Store: chaos_key_42=val_42_6906
[RaftNode 2] COMMITTED to Store: chaos_key_43=val_43_2995
[RaftNode 2] COMMITTED to Store: chaos_key_44=val_44_8779
[LSM-Tree Node 2] Flushed MemTable to disk: node_2_sstable_10.sst
[RaftNode 2] COMMITTED to Store: chaos_key_45=val_45_9788
[RaftNode 2] COMMITTED to Store: chaos_key_46=val_46_2522
[RaftNode 2] COMMITTED to Store: chaos_key_47=val_47_2865
[RaftNode 2] COMMITTED to Store: chaos_key_48=val_48_3708
[RaftNode 2] COMMITTED to Store: chaos_key_49=val_49_2604
[LSM-Tree Node 2] Flushed MemTable to disk: node_2_sstable_11.sst
[LSM-Tree Node 2] Starting Major Compaction of 3 SSTables...
[LSM-Tree Node 2] Compaction complete. Reclaimed disk space. Generated: node_2_sstable_12_compacted.sst
[RaftNode 2] COMMITTED to Store: chaos_key_50=val_50_3324
[RaftNode 2] COMMITTED to Store: chaos_key_51=val_51_7018
[RaftNode 2] Log size (38) exceeded threshold. Triggering snapshot at index 50...
[RaftNode 2] Compaction complete.
[RaftNode 2] COMMITTED to Store: chaos_key_52=val_52_8407
[RaftNode 2] COMMITTED to Store: chaos_key_53=val_53_8758
[RaftNode 2] COMMITTED to Store: chaos_key_54=val_54_3094
[LSM-Tree Node 2] Flushed MemTable to disk: node_2_sstable_13.sst
[RaftNode 2] COMMITTED to Store: chaos_key_55=val_55_8962
[RaftNode 2] COMMITTED to Store: chaos_key_56=val_56_3180
[RaftNode 2] COMMITTED to Store: chaos_key_57=val_57_1570
[RaftNode 2] COMMITTED to Store: chaos_key_58=val_58_9722
[RaftNode 2] COMMITTED to Store: chaos_key_59=val_59_9749
[LSM-Tree Node 2] Flushed MemTable to disk: node_2_sstable_14.sst
[LSM-Tree Node 2] Starting Major Compaction of 3 SSTables...
[LSM-Tree Node 2] Compaction complete. Reclaimed disk space. Generated: node_2_sstable_15_compacted.sst
[RaftNode 2] COMMITTED to Store: chaos_key_60=val_60_1893
[RaftNode 2] Log size (10) exceeded threshold. Triggering snapshot at index 59...
[RaftNode 2] Compaction complete.
[RaftNode 2] COMMITTED to Store: chaos_key_61=val_61_3354
[RaftNode 2] COMMITTED to Store: chaos_key_62=val_62_6893
[RaftNode 2] COMMITTED to Store: chaos_key_63=val_63_1447
[RaftNode 2] COMMITTED to Store: chaos_key_64=val_64_9965
[LSM-Tree Node 2] Flushed MemTable to disk: node_2_sstable_16.sst
[RaftNode 2] COMMITTED to Store: chaos_key_65=val_65_5116
[RaftNode 2] COMMITTED to Store: chaos_key_66=val_66_4080
[RaftNode 2] COMMITTED to Store: chaos_key_67=val_67_5769
[RaftNode 2] COMMITTED to Store: chaos_key_68=val_68_2428
[RaftNode 2] COMMITTED to Store: chaos_key_69=val_69_4614
[RaftNode 2] Log size (10) exceeded threshold. Triggering snapshot at index 68...
[RaftNode 2] Compaction complete.
[RaftNode 2] Election timeout expired. Starting election for Term 20
[RaftNode 2] Election timeout expired. Starting election for Term 21
[RaftNode 2] Election timeout expired. Starting election for Term 22
[RaftNode 2] Election timeout expired. Starting election for Term 23
[RaftNode 2] Election timeout expired. Starting election for Term 24
[RaftNode 2] Election timeout expired. Starting election for Term 25
[RaftNode 2] Election timeout expired. Starting election for Term 26
[RaftNode 2] Election timeout expired. Starting election for Term 27
[RaftNode 2] Election timeout expired. Starting election for Term 28
[RaftNode 2] Election timeout expired. Starting election for Term 29
[RaftNode 2] Election timeout expired. Starting election for Term 30
[RaftNode 2] Won election! Promoted to LEADER for Term 30
[LSM-Tree Node 2] Flushed MemTable to disk: node_2_sstable_17.sst
[LSM-Tree Node 2] Starting Major Compaction of 3 SSTables...
[LSM-Tree Node 2] Compaction complete. Reclaimed disk space. Generated: node_2_sstable_18_compacted.sst
[RaftNode 2] COMMITTED to Store: chaos_key_70=val_70_2736
[RaftNode 2] COMMITTED to Store: chaos_key_72=val_72_8033
[RaftNode 2] COMMITTED to Store: chaos_key_73=val_73_9784
[RaftNode 2] COMMITTED to Store: chaos_key_74=val_74_3806
[RaftNode 2] COMMITTED to Store: chaos_key_75=val_75_6482
[LSM-Tree Node 2] Flushed MemTable to disk: node_2_sstable_19.sst
[RaftNode 2] COMMITTED to Store: chaos_key_76=val_76_6759
[RaftNode 2] COMMITTED to Store: chaos_key_77=val_77_5866
[RaftNode 2] COMMITTED to Store: chaos_key_78=val_78_3233
[RaftNode 2] COMMITTED to Store: chaos_key_79=val_79_1352
[RaftNode 2] COMMITTED to Store: chaos_key_80=val_80_2229
[RaftNode 2] Log size (10) exceeded threshold. Triggering snapshot at index 78...
[RaftNode 2] Compaction complete.
[LSM-Tree Node 2] Flushed MemTable to disk: node_2_sstable_20.sst
[LSM-Tree Node 2] Starting Major Compaction of 3 SSTables...
[LSM-Tree Node 2] Compaction complete. Reclaimed disk space. Generated: node_2_sstable_21_compacted.sst
[RaftNode 2] COMMITTED to Store: chaos_key_81=val_81_3249
[RaftNode 2] COMMITTED to Store: chaos_key_82=val_82_1941
[RaftNode 2] COMMITTED to Store: chaos_key_83=val_83_4427
[RaftNode 2] COMMITTED to Store: chaos_key_84=val_84_9445
[RaftNode 2] COMMITTED to Store: chaos_key_85=val_85_4273
[LSM-Tree Node 2] Flushed MemTable to disk: node_2_sstable_22.sst
[RaftNode 2] COMMITTED to Store: chaos_key_86=val_86_4018
[RaftNode 2] COMMITTED to Store: chaos_key_87=val_87_1681
[RaftNode 2] COMMITTED to Store: chaos_key_88=val_88_5301
[RaftNode 2] COMMITTED to Store: chaos_key_89=val_89_6408
[RaftNode 2] COMMITTED to Store: chaos_key_90=val_90_4129
[RaftNode 2] Log size (10) exceeded threshold. Triggering snapshot at index 88...
[RaftNode 2] Compaction complete.
[LSM-Tree Node 2] Flushed MemTable to disk: node_2_sstable_23.sst
[LSM-Tree Node 2] Starting Major Compaction of 3 SSTables...
[LSM-Tree Node 2] Compaction complete. Reclaimed disk space. Generated: node_2_sstable_24_compacted.sst
[RaftNode 2] COMMITTED to Store: chaos_key_91=val_91_5358
[RaftNode 2] COMMITTED to Store: chaos_key_92=val_92_7834
[RaftNode 2] COMMITTED to Store: chaos_key_93=val_93_1455
[RaftNode 2] COMMITTED to Store: chaos_key_94=val_94_8748
[RaftNode 2] COMMITTED to Store: chaos_key_95=val_95_1554
[LSM-Tree Node 2] Flushed MemTable to disk: node_2_sstable_25.sst
[RaftNode 2] COMMITTED to Store: chaos_key_96=val_96_2441
[RaftNode 2] COMMITTED to Store: chaos_key_97=val_97_3243
[RaftNode 2] COMMITTED to Store: chaos_key_98=val_98_9936
[RaftNode 2] COMMITTED to Store: chaos_key_99=val_99_2741
[RaftNode 2] COMMITTED to Store: chaos_key_100=val_100_2020
[RaftNode 2] Log size (10) exceeded threshold. Triggering snapshot at index 98...
[RaftNode 2] Compaction complete.
[LSM-Tree Node 2] Flushed MemTable to disk: node_2_sstable_26.sst
[LSM-Tree Node 2] Starting Major Compaction of 3 SSTables...
[LSM-Tree Node 2] Compaction complete. Reclaimed disk space. Generated: node_2_sstable_27_compacted.sst
[RaftNode 2] COMMITTED to Store: chaos_key_101=val_101_5702
[RaftNode 2] COMMITTED to Store: chaos_key_102=val_102_3158
[RaftNode 2] COMMITTED to Store: chaos_key_103=val_103_5980
[RaftNode 2] COMMITTED to Store: chaos_key_104=val_104_3100
[RaftNode 2] COMMITTED to Store: chaos_key_105=val_105_3578
[LSM-Tree Node 2] Flushed MemTable to disk: node_2_sstable_28.sst
[RaftNode 2] COMMITTED to Store: chaos_key_106=val_106_9739
[RaftNode 2] COMMITTED to Store: chaos_key_107=val_107_4069
[RaftNode 2] COMMITTED to Store: chaos_key_108=val_108_6367
[RaftNode 2] COMMITTED to Store: chaos_key_109=val_109_9911
[RaftNode 2] COMMITTED to Store: chaos_key_110=val_110_3522
[RaftNode 2] Log size (10) exceeded threshold. Triggering snapshot at index 108...
[RaftNode 2] Compaction complete.
[LSM-Tree Node 2] Flushed MemTable to disk: node_2_sstable_29.sst
[LSM-Tree Node 2] Starting Major Compaction of 3 SSTables...
[LSM-Tree Node 2] Compaction complete. Reclaimed disk space. Generated: node_2_sstable_30_compacted.sst
[RaftNode 2] COMMITTED to Store: chaos_key_111=val_111_7295
[RaftNode 2] COMMITTED to Store: chaos_key_112=val_112_9343
[RaftNode 2] COMMITTED to Store: chaos_key_113=val_113_2591
[RaftNode 2] COMMITTED to Store: chaos_key_114=val_114_9503
[RaftNode 2] COMMITTED to Store: chaos_key_115=val_115_4033
[LSM-Tree Node 2] Flushed MemTable to disk: node_2_sstable_31.sst
[RaftNode 2] COMMITTED to Store: chaos_key_116=val_116_7323
[RaftNode 2] COMMITTED to Store: chaos_key_117=val_117_9760
[RaftNode 2] COMMITTED to Store: chaos_key_118=val_118_2029
[RaftNode 2] COMMITTED to Store: chaos_key_119=val_119_5794
[RaftNode 2] COMMITTED to Store: chaos_key_120=val_120_4878
[RaftNode 2] Log size (10) exceeded threshold. Triggering snapshot at index 118...
[RaftNode 2] Compaction complete.
[LSM-Tree Node 2] Flushed MemTable to disk: node_2_sstable_32.sst
[LSM-Tree Node 2] Starting Major Compaction of 3 SSTables...
[LSM-Tree Node 2] Compaction complete. Reclaimed disk space. Generated: node_2_sstable_33_compacted.sst
[RaftNode 2] COMMITTED to Store: chaos_key_121=val_121_2353
[RaftNode 2] COMMITTED to Store: chaos_key_122=val_122_8553
[RaftNode 2] COMMITTED to Store: chaos_key_123=val_123_6055
[RaftNode 2] COMMITTED to Store: chaos_key_124=val_124_4090
[RaftNode 2] COMMITTED to Store: chaos_key_125=val_125_3684
[LSM-Tree Node 2] Flushed MemTable to disk: node_2_sstable_34.sst
[RaftNode 2] COMMITTED to Store: chaos_key_126=val_126_9464
[RaftNode 2] COMMITTED to Store: chaos_key_127=val_127_7574
[RaftNode 2] COMMITTED to Store: chaos_key_128=val_128_1876
[RaftNode 2] COMMITTED to Store: chaos_key_129=val_129_5760
[RaftNode 2] COMMITTED to Store: chaos_key_130=val_130_5508
[RaftNode 2] Log size (10) exceeded threshold. Triggering snapshot at index 128...
[RaftNode 2] Compaction complete.
[LSM-Tree Node 2] Flushed MemTable to disk: node_2_sstable_35.sst
[LSM-Tree Node 2] Starting Major Compaction of 3 SSTables...
[LSM-Tree Node 2] Compaction complete. Reclaimed disk space. Generated: node_2_sstable_36_compacted.sst
[RaftNode 2] COMMITTED to Store: chaos_key_131=val_131_9126
[RaftNode 2] COMMITTED to Store: chaos_key_132=val_132_8222
[RaftNode 2] COMMITTED to Store: chaos_key_133=val_133_5562
[RaftNode 2] COMMITTED to Store: chaos_key_134=val_134_8667
[RaftNode 2] COMMITTED to Store: chaos_key_135=val_135_1340
[LSM-Tree Node 2] Flushed MemTable to disk: node_2_sstable_37.sst
[RaftNode 2] COMMITTED to Store: chaos_key_136=val_136_3129
[RaftNode 2] COMMITTED to Store: chaos_key_137=val_137_1121
[RaftNode 2] COMMITTED to Store: chaos_key_138=val_138_6686
[RaftNode 2] COMMITTED to Store: chaos_key_139=val_139_2016
[RaftNode 2] COMMITTED to Store: chaos_key_140=val_140_1983
[RaftNode 2] Log size (10) exceeded threshold. Triggering snapshot at index 138...
[RaftNode 2] Compaction complete.
[LSM-Tree Node 2] Flushed MemTable to disk: node_2_sstable_38.sst
[LSM-Tree Node 2] Starting Major Compaction of 3 SSTables...
[LSM-Tree Node 2] Compaction complete. Reclaimed disk space. Generated: node_2_sstable_39_compacted.sst
[RaftNode 2] COMMITTED to Store: chaos_key_141=val_141_8589
[RaftNode 2] COMMITTED to Store: chaos_key_142=val_142_5490
[RaftNode 2] COMMITTED to Store: chaos_key_143=val_143_3341
[RaftNode 2] COMMITTED to Store: chaos_key_144=val_144_3027
[RaftNode 2] COMMITTED to Store: chaos_key_145=val_145_2580
[LSM-Tree Node 2] Flushed MemTable to disk: node_2_sstable_40.sst
[RaftNode 2] COMMITTED to Store: chaos_key_146=val_146_6666
[RaftNode 2] COMMITTED to Store: chaos_key_147=val_147_3710
[RaftNode 2] COMMITTED to Store: chaos_key_148=val_148_6727
[RaftNode 2] COMMITTED to Store: chaos_key_149=val_149_8483
[RaftNode 2] COMMITTED to Store: chaos_key_150=val_150_7003
[RaftNode 2] Log size (10) exceeded threshold. Triggering snapshot at index 148...
[RaftNode 2] Compaction complete.
